[efc-gen] 138 packages · 0 new files · catalogue: /home/runner/work/EFC/EFC/docs/papers/efc/ai_friendly_index.json
========================================================================
EFC DOI sync — 138 paper dirs scanned
========================================================================
  papers with registered DOI : 133
  papers without DOI         : 5
  papers with conflicts      : 0

MANUAL DRIFT (package READMEs missing DOI reference):
  AUTH-Layer-Origin-Provenance-and-Structural-Signature-of-Energy-Flow-Cosmology/README.md does not mention DOI 30656828
  CEM-Consciousness-Ego-Mirror/README.md does not mention DOI 30275947
  Cosmological_Growth_Constraints_on_Λ-Locked_Discrete_Entropic_Gravity/README.md does not mention DOI 31348414
  Double-Slit_as_Grid-Resolution_Phenomenon_in_GRC_Ontological_Extension_UV-Cutoff_Analysis/README.md does not mention DOI 31564129
  EFC-A-Deep-Dive-into-the-Halo-Concept/README.md does not mention DOI 28114370
  EFC-AI-Augmented-Scientific-Workflow-Framework/README.md does not mention DOI 30636863
  EFC-Applications-and-Implications/README.md does not mention DOI 28098308
  EFC-CMB-Thermodynamic-Gradient/README.md does not mention DOI 28570088
  EFC-Can-Energy-Flow-Be-Observed-in-Galactic-Clusters/README.md does not mention DOI 28098350
  EFC-Can-Entropy-Drive-Cosmic-Evolution/README.md does not mention DOI 28098353
  EFC-Dynamic-Balance-Entropy-Order-and-Chaos/README.md does not mention DOI 28098344
  EFC-Energy-Flow-as-the-Fundamental-Dynamic-of-the-Universe/README.md does not mention DOI 28113542
  EFC-Field-Equations-for-Entropy-Driven-Spacetime/README.md does not mention DOI 30421807
  EFC-Flow-Entropy-and-Spacetime-Distortion-in-Cosmological-Clusters/README.md does not mention DOI 28112096
  EFC-Grid-Higgs-Framework/README.md does not mention DOI 28559510
  EFC-Grid-Higgs-Paradigm-Shift/README.md does not mention DOI 28560935
  EFC-Grid-Model-Entropic-Dynamics/README.md does not mention DOI 28559423
  EFC-How-Does-Balance-Shape-Universal-Structures/README.md does not mention DOI 28098338
  EFC-How-Energy-Flow-Sustain-Spacetime/README.md does not mention DOI 28098371
  EFC-Hypothesis-Interrelation-Energy-Entropy/README.md does not mention DOI 28557281
  … and 33 more
========================================================================
[efc-gen] 138 packages · 0 new files · catalogue: /home/runner/work/EFC/EFC/docs/papers/efc/ai_friendly_index.json
[efc-verify] 138 paper dirs · 0 errors · 0 warnings
[efc-maintain] --- EFC maintenance pass ---
[efc-maintain] running efc_gen_ai_friendly.py …
[efc-maintain] running efc_sync_dois.py --apply…
[efc-maintain] running efc_gen_ai_friendly.py …
[efc-maintain] running efc_verify.py …
[efc-maintain] --- done (clean) ---
